Downloading https://services.gradle.org/distributions/gradle-8.2.1-all.zip
..................10%..................20%...................30%..................40%...................50%..................60%..................70%...................80%..................90%...................100%

Welcome to Gradle 8.2.1!

Here are the highlights of this release:
 - Kotlin DSL: new reference documentation, assignment syntax by default
 - Kotlin DSL is now the default with Gradle init
 - Improved suggestions to resolve errors in console output
 - Reduced sync memory consumption

For more details see https://docs.gradle.org/8.2.1/release-notes.html

To honour the JVM settings for this build a single-use Daemon process will be forked. For more on this, please refer to https://docs.gradle.org/8.2.1/userguide/gradle_daemon.html#sec:disabling_the_daemon in the Gradle documentation.
Daemon will be stopped at the end of the build 

> Configure project :app
WARNING: Using flatDir should be avoided because it doesn't support any meta-data formats.

> Configure project :capacitor-cordova-android-plugins
WARNING: Using flatDir should be avoided because it doesn't support any meta-data formats.

> Task :app:preBuild UP-TO-DATE
> Task :app:preDebugBuild UP-TO-DATE
> Task :app:mergeDebugNativeDebugMetadata NO-SOURCE
> Task :capacitor-android:preBuild UP-TO-DATE
> Task :capacitor-android:preDebugBuild UP-TO-DATE
> Task :app:javaPreCompileDebug
> Task :capacitor-android:writeDebugAarMetadata
> Task :capacitor-app:preBuild UP-TO-DATE
> Task :capacitor-app:preDebugBuild UP-TO-DATE
> Task :capacitor-cordova-android-plugins:preBuild UP-TO-DATE
> Task :capacitor-cordova-android-plugins:preDebugBuild UP-TO-DATE
> Task :capacitor-app:writeDebugAarMetadata
> Task :capacitor-preferences:preBuild UP-TO-DATE
> Task :capacitor-cordova-android-plugins:writeDebugAarMetadata
> Task :capacitor-preferences:preDebugBuild UP-TO-DATE
> Task :capacitor-push-notifications:preBuild UP-TO-DATE
> Task :capacitor-push-notifications:preDebugBuild UP-TO-DATE
> Task :capacitor-preferences:writeDebugAarMetadata
> Task :capacitor-share:preBuild UP-TO-DATE
> Task :capacitor-share:preDebugBuild UP-TO-DATE
> Task :capacitor-push-notifications:writeDebugAarMetadata
> Task :codetrix-studio-capacitor-google-auth:preBuild UP-TO-DATE
> Task :codetrix-studio-capacitor-google-auth:preDebugBuild UP-TO-DATE
> Task :capacitor-share:writeDebugAarMetadata
> Task :codetrix-studio-capacitor-google-auth:writeDebugAarMetadata
> Task :app:generateDebugResValues
> Task :capacitor-android:generateDebugResValues
> Task :capacitor-android:generateDebugResources
> Task :app:checkDebugAarMetadata
> Task :capacitor-android:packageDebugResources
> Task :capacitor-app:generateDebugResValues
> Task :capacitor-app:generateDebugResources
> Task :capacitor-app:packageDebugResources
> Task :capacitor-cordova-android-plugins:generateDebugResValues
> Task :capacitor-cordova-android-plugins:generateDebugResources
> Task :capacitor-cordova-android-plugins:packageDebugResources
> Task :capacitor-preferences:generateDebugResValues
> Task :capacitor-preferences:generateDebugResources
> Task :capacitor-preferences:packageDebugResources
> Task :capacitor-push-notifications:generateDebugResValues
> Task :capacitor-push-notifications:generateDebugResources
> Task :capacitor-push-notifications:packageDebugResources
> Task :capacitor-share:generateDebugResValues
> Task :capacitor-share:generateDebugResources
> Task :capacitor-share:packageDebugResources
> Task :codetrix-studio-capacitor-google-auth:generateDebugResValues
> Task :codetrix-studio-capacitor-google-auth:generateDebugResources
> Task :codetrix-studio-capacitor-google-auth:packageDebugResources
> Task :app:mapDebugSourceSetPaths
> Task :app:generateDebugResources
> Task :app:packageDebugResources
> Task :app:createDebugCompatibleScreenManifests
> Task :app:extractDeepLinksDebug
> Task :capacitor-android:extractDeepLinksDebug
> Task :capacitor-app:extractDeepLinksDebug
> Task :app:parseDebugLocalResources
> Task :capacitor-cordova-android-plugins:extractDeepLinksDebug
> Task :app:mergeDebugResources
> Task :capacitor-preferences:extractDeepLinksDebug
> Task :capacitor-app:processDebugManifest
> Task :capacitor-preferences:processDebugManifest
> Task :capacitor-android:processDebugManifest
> Task :capacitor-push-notifications:extractDeepLinksDebug
> Task :capacitor-cordova-android-plugins:processDebugManifest
> Task :capacitor-share:extractDeepLinksDebug
> Task :capacitor-push-notifications:processDebugManifest
> Task :capacitor-share:processDebugManifest
> Task :codetrix-studio-capacitor-google-auth:extractDeepLinksDebug
> Task :codetrix-studio-capacitor-google-auth:processDebugManifest
> Task :capacitor-android:compileDebugLibraryResources
> Task :app:processDebugMainManifest
> Task :app:processDebugManifest
> Task :capacitor-android:parseDebugLocalResources
> Task :capacitor-app:compileDebugLibraryResources
> Task :capacitor-app:parseDebugLocalResources
> Task :capacitor-cordova-android-plugins:compileDebugLibraryResources
> Task :app:processDebugManifestForPackage
> Task :capacitor-app:generateDebugRFile
> Task :capacitor-android:generateDebugRFile
> Task :capacitor-preferences:compileDebugLibraryResources
> Task :capacitor-cordova-android-plugins:parseDebugLocalResources
> Task :capacitor-preferences:parseDebugLocalResources
> Task :capacitor-push-notifications:compileDebugLibraryResources
> Task :capacitor-cordova-android-plugins:generateDebugRFile
> Task :capacitor-preferences:generateDebugRFile
> Task :capacitor-push-notifications:parseDebugLocalResources
> Task :capacitor-share:compileDebugLibraryResources
> Task :capacitor-share:parseDebugLocalResources
> Task :codetrix-studio-capacitor-google-auth:compileDebugLibraryResources
> Task :capacitor-push-notifications:generateDebugRFile
> Task :codetrix-studio-capacitor-google-auth:parseDebugLocalResources
> Task :capacitor-android:javaPreCompileDebug
> Task :capacitor-app:javaPreCompileDebug
> Task :capacitor-share:generateDebugRFile
> Task :codetrix-studio-capacitor-google-auth:generateDebugRFile

> Task :capacitor-android:compileDebugJavaWithJavac
Note: Some input files use unchecked or unsafe operations.
Note: Recompile with -Xlint:unchecked for details.

> Task :capacitor-cordova-android-plugins:javaPreCompileDebug
> Task :capacitor-preferences:javaPreCompileDebug
> Task :capacitor-cordova-android-plugins:compileDebugJavaWithJavac NO-SOURCE
> Task :capacitor-cordova-android-plugins:bundleLibCompileToJarDebug
> Task :capacitor-push-notifications:javaPreCompileDebug
> Task :capacitor-share:javaPreCompileDebug
> Task :codetrix-studio-capacitor-google-auth:javaPreCompileDebug
> Task :capacitor-android:bundleLibCompileToJarDebug
> Task :app:mergeDebugShaders
> Task :capacitor-app:compileDebugJavaWithJavac
> Task :capacitor-app:bundleLibCompileToJarDebug
> Task :app:processDebugResources
> Task :capacitor-preferences:compileDebugJavaWithJavac
> Task :capacitor-preferences:bundleLibCompileToJarDebug
> Task :capacitor-push-notifications:compileDebugJavaWithJavac
> Task :capacitor-push-notifications:bundleLibCompileToJarDebug
> Task :capacitor-share:compileDebugJavaWithJavac
> Task :capacitor-share:bundleLibCompileToJarDebug
> Task :codetrix-studio-capacitor-google-auth:compileDebugJavaWithJavac
> Task :app:compileDebugShaders NO-SOURCE
> Task :app:generateDebugAssets UP-TO-DATE
> Task :codetrix-studio-capacitor-google-auth:bundleLibCompileToJarDebug
> Task :capacitor-android:mergeDebugShaders
> Task :app:compileDebugJavaWithJavac
> Task :capacitor-android:compileDebugShaders NO-SOURCE
> Task :capacitor-android:generateDebugAssets UP-TO-DATE
> Task :capacitor-android:packageDebugAssets
> Task :capacitor-app:mergeDebugShaders
> Task :capacitor-app:compileDebugShaders NO-SOURCE
> Task :capacitor-app:generateDebugAssets UP-TO-DATE
> Task :capacitor-app:packageDebugAssets
> Task :capacitor-cordova-android-plugins:mergeDebugShaders
> Task :capacitor-cordova-android-plugins:compileDebugShaders NO-SOURCE
> Task :capacitor-cordova-android-plugins:generateDebugAssets UP-TO-DATE
> Task :capacitor-cordova-android-plugins:packageDebugAssets
> Task :capacitor-preferences:mergeDebugShaders
> Task :capacitor-preferences:compileDebugShaders NO-SOURCE
> Task :capacitor-preferences:generateDebugAssets UP-TO-DATE
> Task :capacitor-preferences:packageDebugAssets
> Task :capacitor-push-notifications:mergeDebugShaders
> Task :capacitor-push-notifications:compileDebugShaders NO-SOURCE
> Task :capacitor-push-notifications:generateDebugAssets UP-TO-DATE
> Task :capacitor-push-notifications:packageDebugAssets
> Task :capacitor-share:mergeDebugShaders
> Task :capacitor-share:compileDebugShaders NO-SOURCE
> Task :capacitor-share:generateDebugAssets UP-TO-DATE
> Task :capacitor-share:packageDebugAssets
> Task :codetrix-studio-capacitor-google-auth:mergeDebugShaders
> Task :codetrix-studio-capacitor-google-auth:compileDebugShaders NO-SOURCE
> Task :codetrix-studio-capacitor-google-auth:generateDebugAssets UP-TO-DATE
> Task :codetrix-studio-capacitor-google-auth:packageDebugAssets
> Task :app:mergeDebugAssets
> Task :capacitor-app:bundleLibRuntimeToJarDebug
> Task :app:compressDebugAssets
> Task :capacitor-preferences:bundleLibRuntimeToJarDebug
> Task :capacitor-push-notifications:bundleLibRuntimeToJarDebug
> Task :capacitor-android:bundleLibRuntimeToJarDebug
> Task :capacitor-share:bundleLibRuntimeToJarDebug
> Task :codetrix-studio-capacitor-google-auth:bundleLibRuntimeToJarDebug
> Task :capacitor-cordova-android-plugins:bundleLibRuntimeToJarDebug
> Task :app:desugarDebugFileDependencies
> Task :app:dexBuilderDebug
> Task :app:processDebugJavaRes NO-SOURCE
> Task :capacitor-android:processDebugJavaRes NO-SOURCE
> Task :capacitor-app:processDebugJavaRes NO-SOURCE
> Task :capacitor-cordova-android-plugins:processDebugJavaRes NO-SOURCE
> Task :capacitor-preferences:processDebugJavaRes NO-SOURCE
> Task :capacitor-push-notifications:processDebugJavaRes NO-SOURCE
> Task :capacitor-share:processDebugJavaRes NO-SOURCE
> Task :codetrix-studio-capacitor-google-auth:processDebugJavaRes NO-SOURCE
> Task :app:mergeDebugJniLibFolders
> Task :capacitor-android:mergeDebugJniLibFolders
> Task :capacitor-android:mergeDebugNativeLibs NO-SOURCE
> Task :capacitor-android:copyDebugJniLibsProjectOnly
> Task :app:checkDebugDuplicateClasses
> Task :capacitor-app:mergeDebugJniLibFolders
> Task :app:mergeDebugJavaResource
> Task :app:mergeDebugGlobalSynthetics
> Task :capacitor-app:mergeDebugNativeLibs NO-SOURCE
> Task :capacitor-app:copyDebugJniLibsProjectOnly
> Task :capacitor-cordova-android-plugins:mergeDebugJniLibFolders
> Task :capacitor-cordova-android-plugins:mergeDebugNativeLibs NO-SOURCE
> Task :capacitor-cordova-android-plugins:copyDebugJniLibsProjectOnly
> Task :app:mergeProjectDexDebug
> Task :capacitor-preferences:mergeDebugJniLibFolders
> Task :capacitor-preferences:mergeDebugNativeLibs NO-SOURCE
> Task :capacitor-preferences:copyDebugJniLibsProjectOnly
> Task :capacitor-push-notifications:mergeDebugJniLibFolders
> Task :capacitor-push-notifications:mergeDebugNativeLibs NO-SOURCE
> Task :capacitor-push-notifications:copyDebugJniLibsProjectOnly
> Task :capacitor-share:mergeDebugJniLibFolders
> Task :capacitor-share:mergeDebugNativeLibs NO-SOURCE
> Task :capacitor-share:copyDebugJniLibsProjectOnly
> Task :codetrix-studio-capacitor-google-auth:mergeDebugJniLibFolders
> Task :codetrix-studio-capacitor-google-auth:mergeDebugNativeLibs NO-SOURCE
> Task :app:mergeLibDexDebug
> Task :codetrix-studio-capacitor-google-auth:copyDebugJniLibsProjectOnly
> Task :app:validateSigningDebug
> Task :app:mergeDebugNativeLibs NO-SOURCE
> Task :app:stripDebugDebugSymbols NO-SOURCE
> Task :app:writeDebugAppMetadata
> Task :app:writeDebugSigningConfigVersions
> Task :capacitor-android:stripDebugDebugSymbols NO-SOURCE
> Task :capacitor-android:copyDebugJniLibsProjectAndLocalJars
> Task :app:mergeExtDexDebug
> Task :capacitor-android:extractDebugAnnotations
> Task :capacitor-android:extractDeepLinksForAarDebug
> Task :capacitor-android:mergeDebugGeneratedProguardFiles
> Task :capacitor-android:mergeDebugConsumerProguardFiles
> Task :capacitor-android:prepareDebugArtProfile
> Task :capacitor-android:prepareLintJarForPublish
> Task :capacitor-app:stripDebugDebugSymbols NO-SOURCE
> Task :capacitor-app:copyDebugJniLibsProjectAndLocalJars
> Task :capacitor-android:mergeDebugJavaResource
> Task :capacitor-app:extractDebugAnnotations
> Task :capacitor-android:syncDebugLibJars
> Task :capacitor-android:bundleDebugAar
> Task :capacitor-android:assembleDebug
> Task :capacitor-app:extractDeepLinksForAarDebug
> Task :capacitor-app:mergeDebugGeneratedProguardFiles
> Task :capacitor-app:mergeDebugConsumerProguardFiles
> Task :capacitor-app:prepareDebugArtProfile
> Task :capacitor-app:prepareLintJarForPublish
> Task :capacitor-cordova-android-plugins:stripDebugDebugSymbols NO-SOURCE
> Task :capacitor-app:mergeDebugJavaResource
> Task :capacitor-cordova-android-plugins:copyDebugJniLibsProjectAndLocalJars
> Task :capacitor-app:syncDebugLibJars
> Task :capacitor-app:bundleDebugAar
> Task :capacitor-app:assembleDebug
> Task :capacitor-cordova-android-plugins:extractDebugAnnotations
> Task :capacitor-cordova-android-plugins:extractDeepLinksForAarDebug
> Task :capacitor-cordova-android-plugins:mergeDebugGeneratedProguardFiles
> Task :capacitor-cordova-android-plugins:mergeDebugConsumerProguardFiles
> Task :capacitor-cordova-android-plugins:prepareDebugArtProfile
> Task :capacitor-cordova-android-plugins:prepareLintJarForPublish
> Task :capacitor-preferences:stripDebugDebugSymbols NO-SOURCE
> Task :capacitor-cordova-android-plugins:mergeDebugJavaResource
> Task :capacitor-preferences:copyDebugJniLibsProjectAndLocalJars
> Task :capacitor-cordova-android-plugins:syncDebugLibJars
> Task :capacitor-cordova-android-plugins:bundleDebugAar
> Task :capacitor-cordova-android-plugins:assembleDebug
> Task :capacitor-preferences:extractDebugAnnotations
> Task :app:packageDebug
> Task :app:createDebugApkListingFileRedirect
> Task :app:assembleDebug
> Task :capacitor-preferences:extractDeepLinksForAarDebug
> Task :capacitor-preferences:mergeDebugGeneratedProguardFiles
> Task :capacitor-preferences:mergeDebugConsumerProguardFiles
> Task :capacitor-preferences:prepareDebugArtProfile
> Task :capacitor-preferences:prepareLintJarForPublish
> Task :capacitor-preferences:mergeDebugJavaResource
> Task :capacitor-push-notifications:stripDebugDebugSymbols NO-SOURCE
> Task :capacitor-preferences:syncDebugLibJars
> Task :capacitor-preferences:bundleDebugAar
> Task :capacitor-preferences:assembleDebug
> Task :capacitor-push-notifications:copyDebugJniLibsProjectAndLocalJars
> Task :capacitor-push-notifications:extractDebugAnnotations
> Task :capacitor-push-notifications:extractDeepLinksForAarDebug
> Task :capacitor-push-notifications:mergeDebugGeneratedProguardFiles
> Task :capacitor-push-notifications:mergeDebugConsumerProguardFiles
> Task :capacitor-push-notifications:prepareDebugArtProfile
> Task :capacitor-push-notifications:prepareLintJarForPublish
> Task :capacitor-share:stripDebugDebugSymbols NO-SOURCE
> Task :capacitor-push-notifications:mergeDebugJavaResource
> Task :capacitor-push-notifications:syncDebugLibJars
> Task :capacitor-push-notifications:bundleDebugAar
> Task :capacitor-push-notifications:assembleDebug
> Task :capacitor-share:copyDebugJniLibsProjectAndLocalJars
> Task :capacitor-share:extractDebugAnnotations
> Task :capacitor-share:extractDeepLinksForAarDebug
> Task :capacitor-share:mergeDebugGeneratedProguardFiles
> Task :capacitor-share:mergeDebugConsumerProguardFiles
> Task :capacitor-share:prepareDebugArtProfile
> Task :capacitor-share:prepareLintJarForPublish
> Task :capacitor-share:mergeDebugJavaResource
> Task :codetrix-studio-capacitor-google-auth:stripDebugDebugSymbols NO-SOURCE
> Task :capacitor-share:syncDebugLibJars
> Task :capacitor-share:bundleDebugAar
> Task :capacitor-share:assembleDebug
> Task :codetrix-studio-capacitor-google-auth:copyDebugJniLibsProjectAndLocalJars
> Task :codetrix-studio-capacitor-google-auth:extractDebugAnnotations
> Task :codetrix-studio-capacitor-google-auth:extractDeepLinksForAarDebug
> Task :codetrix-studio-capacitor-google-auth:mergeDebugGeneratedProguardFiles
> Task :codetrix-studio-capacitor-google-auth:mergeDebugConsumerProguardFiles
> Task :codetrix-studio-capacitor-google-auth:prepareDebugArtProfile
> Task :codetrix-studio-capacitor-google-auth:prepareLintJarForPublish
> Task :codetrix-studio-capacitor-google-auth:mergeDebugJavaResource
> Task :codetrix-studio-capacitor-google-auth:syncDebugLibJars
> Task :codetrix-studio-capacitor-google-auth:bundleDebugAar
> Task :codetrix-studio-capacitor-google-auth:assembleDebug

Deprecated Gradle features were used in this build, making it incompatible with Gradle 9.0.

You can use '--warning-mode all' to show the individual deprecation warnings and determine if they come from your own scripts or plugins.

For more on this, please refer to https://docs.gradle.org/8.2.1/userguide/command_line_interface.html#sec:command_line_warnings in the Gradle documentation.

BUILD SUCCESSFUL in 1m 25s
212 actionable tasks: 212 executed
